<?xml version="1.0" encoding="UTF-8"?>
<TestRun id="8757ba68-a020-40fa-a8b2-ca8c93244dd3" name="Admin@ADMIN-PC 2013-06-17 11:40:09" runUser="Admin-PC\Admin" xmlns="http://microsoft.com/schemas/VisualStudio/TeamTest/2010">
  <TestSettings name="Local" id="73383d59-997e-43b0-8419-a5b20335aa59">
    <Description>These are default test settings for a local test run.</Description>
    <Deployment enabled="false" runDeploymentRoot="Admin_ADMIN-PC 2013-06-17 11_40_09">
      <DeploymentItem filename="E:\TestSelenium\SeleniumTest\References\AppacitiveAutomationFramework.dll" />
    </Deployment>
    <Execution>
      <TestTypeSpecific />
      <AgentRule name="Execution Agents">
      </AgentRule>
    </Execution>
  </TestSettings>
  <Times creation="2013-06-17T11:40:09.7541006+05:30" queuing="2013-06-17T11:40:21.1407519+05:30" start="2013-06-17T11:40:21.3307628+05:30" finish="2013-06-17T11:41:13.6427549+05:30" />
  <ResultSummary outcome="Error">
    <Counters total="1" executed="1" error="0" failed="0" timeout="0" aborted="1" inconclusive="0" passedButRunAborted="0" notRunnable="0" notExecuted="0" disconnected="0" warning="0" passed="0" completed="0" inProgress="0" pending="0" />
    <RunInfos>
      <RunInfo computerName="ADMIN-PC" outcome="Error" timestamp="2013-06-17T11:41:13.6417548+05:30">
        <Text>Test host process exited unexpectedly.</Text>
      </RunInfo>
    </RunInfos>
  </ResultSummary>
  <TestDefinitions>
    <UnitTest name="VerifyControls" storage="e:\testselenium\seleniumtest\seleniumtest\bin\debug\seleniumtest.dll" id="5b5e44c1-2e09-00f7-1732-cfe9a2196f82">
      <Execution id="7736e34f-b217-448a-b5a9-92b4dd68b1b1" />
      <TestMethod codeBase="E:/TestSelenium/SeleniumTest/SeleniumTest/bin/Debug/SeleniumTest.DLL" adapterTypeName="Microsoft.VisualStudio.TestTools.TestTypes.Unit.UnitTestAdapter, Microsoft.VisualStudio.QualityTools.Tips.UnitTest.Adapter, Version=10.0.0.0, Culture=neutral, PublicKeyToken=b03f5f7f11d50a3a" className="SeleniumTest.UnitTest1, SeleniumTest, Version=1.0.0.0, Culture=neutral, PublicKeyToken=null" name="VerifyControls" />
    </UnitTest>
  </TestDefinitions>
  <TestLists>
    <TestList name="Results Not in a List" id="8c84fa94-04c1-424b-9868-57a2d4851a1d" />
    <TestList name="All Loaded Results" id="19431567-8539-422a-85d7-44ee4e166bda" />
  </TestLists>
  <TestEntries>
    <TestEntry testId="5b5e44c1-2e09-00f7-1732-cfe9a2196f82" executionId="7736e34f-b217-448a-b5a9-92b4dd68b1b1" testListId="8c84fa94-04c1-424b-9868-57a2d4851a1d" />
  </TestEntries>
  <Results>
    <UnitTestResult executionId="7736e34f-b217-448a-b5a9-92b4dd68b1b1" testId="5b5e44c1-2e09-00f7-1732-cfe9a2196f82" testName="VerifyControls" computerName="ADMIN-PC" duration="00:00:52.1959855" startTime="2013-06-17T11:40:21.4467694+05:30" endTime="2013-06-17T11:41:13.6427549+05:30" testType="13cdc9d9-ddb5-4fa4-a97d-d965ccfc6d4b" outcome="Aborted" testListId="8c84fa94-04c1-424b-9868-57a2d4851a1d" relativeResultsDirectory="7736e34f-b217-448a-b5a9-92b4dd68b1b1">
    </UnitTestResult>
  </Results>
</TestRun>