<?xml version="1.0" encoding="UTF-8"?>
<TestRun id="2fbca23d-3325-4166-94f8-d8d01bb5f791" name="Admin@ADMIN-PC 2013-06-24 10:35:37" runUser="Admin-PC\Admin" xmlns="http://microsoft.com/schemas/VisualStudio/TeamTest/2010">
  <TestSettings name="Local" id="73383d59-997e-43b0-8419-a5b20335aa59">
    <Description>These are default test settings for a local test run.</Description>
    <Deployment runDeploymentRoot="Admin_ADMIN-PC 2013-06-24 10_35_37">
      <DeploymentItem filename="SeleniumTest\Controls\" />
      <DeploymentItem filename="E:\TestSelenium\SeleniumTest\References\AppacitiveAutomationFramework.dll" />
    </Deployment>
    <Execution>
      <TestTypeSpecific>
        <UnitTestRunConfig testTypeId="13cdc9d9-ddb5-4fa4-a97d-d965ccfc6d4b">
          <AssemblyResolution>
            <TestDirectory useLoadContext="true" />
          </AssemblyResolution>
        </UnitTestRunConfig>
        <WebTestRunConfiguration testTypeId="4e7599fa-5ecb-43e9-a887-cd63cf72d207">
          <Browser name="Internet Explorer 7.0">
            <Headers>
              <Header name="User-Agent" value="Mozilla/4.0 (compatible; MSIE 7.0; Windows NT 5.1)" />
              <Header name="Accept" value="*/*" />
              <Header name="Accept-Language" value="{{$IEAcceptLanguage}}" />
              <Header name="Accept-Encoding" value="GZIP" />
            </Headers>
          </Browser>
        </WebTestRunConfiguration>
      </TestTypeSpecific>
      <AgentRule name="LocalMachineDefaultRole">
      </AgentRule>
    </Execution>
  </TestSettings>
  <Times creation="2013-06-24T10:35:37.0030169+05:30" queuing="2013-06-24T10:35:38.7101145+05:30" start="2013-06-24T10:35:38.9591287+05:30" finish="2013-06-24T10:35:54.8000348+05:30" />
  <ResultSummary outcome="Completed">
    <Counters total="1" executed="1" passed="1" error="0" failed="0" timeout="0" aborted="0" inconclusive="0" passedButRunAborted="0" notRunnable="0" notExecuted="0" disconnected="0" warning="0" completed="0" inProgress="0" pending="0" />
  </ResultSummary>
  <TestDefinitions>
    <UnitTest name="HowToClickOnAButton" storage="e:\testselenium\seleniumtest\seleniumtest\bin\debug\seleniumtest.dll" id="93903b3c-1b00-bce7-0530-1ccddd108bf7">
      <Execution id="aae49653-c0a8-493c-a7ef-a822a3239a4a" />
      <TestMethod codeBase="E:/TestSelenium/SeleniumTest/SeleniumTest/bin/Debug/SeleniumTest.DLL" adapterTypeName="Microsoft.VisualStudio.TestTools.TestTypes.Unit.UnitTestAdapter, Microsoft.VisualStudio.QualityTools.Tips.UnitTest.Adapter, Version=10.0.0.0, Culture=neutral, PublicKeyToken=b03f5f7f11d50a3a" className="SeleniumTest.AutomationSamples, SeleniumTest, Version=1.0.0.0, Culture=neutral, PublicKeyToken=null" name="HowToClickOnAButton" />
    </UnitTest>
  </TestDefinitions>
  <TestLists>
    <TestList name="Results Not in a List" id="8c84fa94-04c1-424b-9868-57a2d4851a1d" />
    <TestList name="All Loaded Results" id="19431567-8539-422a-85d7-44ee4e166bda" />
  </TestLists>
  <TestEntries>
    <TestEntry testId="93903b3c-1b00-bce7-0530-1ccddd108bf7" executionId="aae49653-c0a8-493c-a7ef-a822a3239a4a" testListId="8c84fa94-04c1-424b-9868-57a2d4851a1d" />
  </TestEntries>
  <Results>
    <UnitTestResult executionId="aae49653-c0a8-493c-a7ef-a822a3239a4a" testId="93903b3c-1b00-bce7-0530-1ccddd108bf7" testName="HowToClickOnAButton" computerName="ADMIN-PC" duration="00:00:14.3150209" startTime="2013-06-24T10:35:39.1741410+05:30" endTime="2013-06-24T10:35:54.7050294+05:30" testType="13cdc9d9-ddb5-4fa4-a97d-d965ccfc6d4b" outcome="Passed" testListId="8c84fa94-04c1-424b-9868-57a2d4851a1d" relativeResultsDirectory="aae49653-c0a8-493c-a7ef-a822a3239a4a">
      <Output>
        <StdOut>Looking for: SearchBtn
Got SearchBtn
Going to click on SearchBtn
Clicked successfully on SearchBtn</StdOut>
      </Output>
    </UnitTestResult>
  </Results>
</TestRun>